INFO:     Started server process [17772]
INFO:     Waiting for application startup.
INFO:     Application startup complete.
INFO:     Uvicorn running on http://127.0.0.1:8000 (Press CTRL+C to quit)
--- REGISTERED ROUTES ---
Path: /openapi.json | Methods: {'GET', 'HEAD'}
Path: /docs | Methods: {'GET', 'HEAD'}
Path: /docs/oauth2-redirect | Methods: {'GET', 'HEAD'}
Path: /redoc | Methods: {'GET', 'HEAD'}
Path: /api/v1/audit/logs | Methods: {'GET'}
Path: /api/v1/rwa/status | Methods: {'GET'}
Path: /api/v1/rwa/register | Methods: {'POST'}
Path: /api/v1/escrow/status | Methods: {'GET'}
Path: /api/v1/escrow/create | Methods: {'POST'}
Path: /api/v1/escrow/transfer | Methods: {'POST'}
Path: /dashboard | Methods: {'GET'}
Path: /api/v1/evidence/submit | Methods: {'POST'}
Path: /api/v1/evidence/verify-and-release | Methods: {'POST'}
-------------------------
INFO:     127.0.0.1:61461 - "GET /api/v1/escrow/status HTTP/1.1" 200 OK
